≡ƒöä Connecting to MongoDB...
Γ£à Connected to MongoDB

≡ƒº¬ Testing User Registration for Roles...

Testing Role: buyer
Generated UID: gbclient6558722
Γ£à Saved user to DB
Γ£à Verified UID and Persistence: gbclient6558722
Γ£à Verified Role: buyer
≡ƒº╣ Cleaned up test user

Testing Role: seller
Generated UID: gbclient7160033
Γ£à Saved user to DB
Γ£à Verified UID and Persistence: gbclient7160033
Γ£à Verified Role: seller
≡ƒº╣ Cleaned up test user

Testing Role: employee
Generated UID: gbemployee7500373
Γ£à Saved user to DB
Γ£à Verified UID and Persistence: gbemployee7500373
Γ£à Verified Role: employee
≡ƒº╣ Cleaned up test user

Testing Role: legal_partner
Generated UID: gblegal4098079
Γ£à Saved user to DB
Γ£à Verified UID and Persistence: gblegal4098079
Γ£à Verified Role: legal_partner
≡ƒº╣ Cleaned up test user

Testing Role: ground_partner
Generated UID: gbground1585339
Γ£à Saved user to DB
Γ£à Verified UID and Persistence: gbground1585339
Γ£à Verified Role: ground_partner
≡ƒº╣ Cleaned up test user

Testing Role: promoter_partner
Generated UID: gbpromoter3011926
Γ£à Saved user to DB
Γ£à Verified UID and Persistence: gbpromoter3011926
Γ£à Verified Role: promoter_partner
≡ƒº╣ Cleaned up test user

≡ƒæï Disconnected from MongoDB
