src/controllers/plan.controller.ts(89,1): error TS1128: Declaration or statement expected.
